
; 64tass Turbo Assembler Macro V1.56.2625 listing file
; 64tass --cbm-prg -a -o sfxtest.prg -L sfxtest.lst sfxtest.a
; Tue Sep 29 09:11:38 2026

;Offset	;Hex		;Monitor	;Source

;******  Processing input file: sfxtest.a

>0801	0b 08 0a 00				.word +, 10
>0805	9e 32 30 36 31 00			.null $9e, format("%d", start)
>080b	00 00				+	.word 0
.080d					start
.080d	20 85 08	jsr $0885		jsr sfxInit
.0810	58		cli			cli
.0811	a2 00		ldx #$00		ldx #0
.0813					stLoop
.0813	8e 84 08	stx $0884		stx stI
.0816	ad 84 08	lda $0884		lda stI
.0819	18		clc			clc
.081a	69 01		adc #$01		adc #1
.081c	20 70 08	jsr $0870		jsr putDec
.081f	ae 84 08	ldx $0884		ldx stI
.0822	8a		txa			txa
.0823	20 ed 08	jsr $08ed		jsr sfxPlay
.0826	a9 4b		lda #$4b		lda #WAIT
.0828	20 68 08	jsr $0868		jsr waitJ
.082b	ae 84 08	ldx $0884		ldx stI
.082e	e8		inx			inx
.082f	e0 15		cpx #$15		cpx #SFX_COUNT
.0831	d0 e0		bne $0813		bne stLoop
.0833	a9 10		lda #$10		lda #SFX_DOOR
.0835	20 ed 08	jsr $08ed		jsr sfxPlay
.0838	a9 00		lda #$00		lda #SFX_SHOT
.083a	20 ed 08	jsr $08ed		jsr sfxPlay
.083d	a9 0a		lda #$0a		lda #SFX_MPAIN
.083f	20 ed 08	jsr $08ed		jsr sfxPlay
.0842	a9 4b		lda #$4b		lda #WAIT
.0844	20 68 08	jsr $0868		jsr waitJ
.0847	a9 0a		lda #$0a		lda #10
.0849	8d 84 08	sta $0884		sta stI
.084c	a9 02		lda #$02	-	lda #SFX_NAIL
.084e	20 ed 08	jsr $08ed		jsr sfxPlay
.0851	a9 06		lda #$06		lda #6
.0853	20 68 08	jsr $0868		jsr waitJ
.0856	ce 84 08	dec $0884		dec stI
.0859	d0 f1		bne $084c		bne -
.085b	a9 4b		lda #$4b		lda #WAIT
.085d	20 68 08	jsr $0868		jsr waitJ
.0860	a9 01		lda #$01		lda #1
.0862	8d 20 d0	sta $d020		sta $d020
.0865	4c 65 08	jmp $0865	-	jmp -
=75					WAIT = 75				; jiffies between effects
.0868					waitJ
.0868	18		clc			clc
.0869	65 a2		adc $a2			adc $a2
.086b	c5 a2		cmp $a2		-	cmp $a2
.086d	d0 fc		bne $086b		bne -
.086f	60		rts			rts
.0870					putDec
.0870	a2 30		ldx #$30		ldx #$30
.0872	c9 0a		cmp #$0a	-	cmp #10
.0874	90 05		bcc $087b		bcc +
.0876	e9 0a		sbc #$0a		sbc #10
.0878	e8		inx			inx
.0879	d0 f7		bne $0872		bne -
.087b	09 30		ora #$30	+	ora #$30
.087d	8d 01 04	sta $0401		sta $0401
.0880	8e 00 04	stx $0400		stx $0400
.0883	60		rts			rts
>0884	00				stI	.byte 0

;******  Processing file: ../../Source/Demos/gpu64_game_sfx.inc

=0					SFX_SHOT     = 0
=1					SFX_SSHOT    = 1
=2					SFX_NAIL     = 2
=3					SFX_AXE      = 3
=4					SFX_HEALTH   = 4
=5					SFX_ITEM     = 5
=6					SFX_WEAPON   = 6
=7					SFX_POWER    = 7
=8					SFX_PAIN     = 8
=9					SFX_DIE      = 9
=10					SFX_MPAIN    = 10
=11					SFX_MDIE     = 11
=12					SFX_GRUNT    = 12
=13					SFX_BITE     = 13
=14					SFX_LEAP     = 14
=15					SFX_SIGHT    = 15
=16					SFX_DOOR     = 16
=17					SFX_BUTTON   = 17
=18					SFX_SECRET   = 18
=19					SFX_JUMP     = 19
=20					SFX_SPLASH   = 20
=21					SFX_COUNT    = 21
=					SG_SHOT   = [(3, $81, $3000, -$0600), (12, $80, $1200, -$0080)]
=					SG_SSHOT  = [(4, $81, $2800, -$0400), (18, $80, $1000, -$0050)]
=					SG_NAIL   = [(1, $81, $5800, 0), (2, $41, $1400, -$0300), (1, $40, $0e00, 0)]
=					SG_AXE    = [(5, $81, $0600, $0200), (6, $80, $1000, -$0180)]
=					SG_HEALTH = [(3, $11, $1a00, 0), (3, $11, $2200, 0), (6, $11, $2b00, 0)]
=[(2,$41,$2600,0),(4,$41,$3300,0)]	SG_ITEM   = [(2, $41, $2600, 0), (4, $41, $3300, 0)]
=					SG_WEAPON = [(3, $41, $1100, 0), (3, $41, $1600, 0), (3, $41, $1a00, 0), (8, $41, $2200, -$0010)]
=					SG_POWER  = [(4, $21, $0800, $0180), (4, $21, $0e00, $0180), (4, $21, $1400, $0180), (16, $21, $1a00, -$0040)]
=[(8,$21,$0c00,~$004f),(2,$20,$0900,0)]	SG_PAIN   = [(8, $21, $0c00, -$0050), (2, $20, $0900, 0)]
=					SG_DIE    = [(24, $21, $0c00, -$0020), (40, $20, $0900, -$000c)]
=[(6,$21,$1000,~$008f),(2,$20,$0c00,0)]	SG_MPAIN  = [(6, $21, $1000, -$0090), (2, $20, $0c00, 0)]
=					SG_MDIE   = [(3, $81, $1800, -$0200), (18, $21, $0900, -$0030), (2, $20, $0500, 0)]
=					SG_GRUNT  = [(3, $81, $2400, -$0500), (10, $80, $1000, -$0060)]
=[(2,$81,$6000,~$1fff),(3,$80,$2000,0)]	SG_BITE   = [(2, $81, $6000, -$2000), (3, $80, $2000, 0)]
=					SG_LEAP   = [(8, $21, $0500, $0020), (8, $21, $0600, -$0020), (2, $20, $0500, 0)]
=					SG_SIGHT  = [(5, $21, $0e00, $0080), (6, $21, $1100, -$0100), (2, $20, $0b00, 0)]
=[(40,$81,$0280,0),(4,$80,$0280,0)]	SG_DOOR   = [(40, $81, $0280, 0), (4, $80, $0280, 0)]
=[(2,$41,$3000,0),(1,$40,$3000,0)]	SG_BUTTON = [(2, $41, $3000, 0), (1, $40, $3000, 0)]
=					SG_SECRET = [(6, $11, $22cb, 0), (6, $11, $2bd8, 0), (6, $11, $3426, 0), (20, $11, $4597, 0)]
=[(5,$11,$0a00,$0180),(1,$10,$1100,0)]	SG_JUMP   = [(5, $11, $0a00, $0180), (1, $10, $1100, 0)]
=					SG_SPLASH = [(10, $81, $1800, -$0100), (6, $80, $0e00, 0)]
=					SOUNDS = [(6, $09, $08, 0, SG_SHOT), (7, $0a, $09, 0, SG_SSHOT), (3, $05, $00, 8, SG_NAIL), (2, $44, $00, 0, SG_AXE), (4, $06, $a6, 0, SG_HEALTH), (4, $04, $84, 8, SG_ITEM), (5, $06, $a6, 8, SG_WEAPON), (6, $08, $a8, 0, SG_POWER), (6, $08, $00, 0, SG_PAIN), (9, $0b, $0b, 0, SG_DIE), (4, $07, $00, 0, SG_MPAIN), (5, $0a, $09, 0, SG_MDIE), (5, $09, $08, 0, SG_GRUNT), (4, $06, $00, 0, SG_BITE), (4, $2a, $a6, 0, SG_LEAP), (3, $28, $a4, 0, SG_SIGHT), (2, $4a, $a8, 0, SG_DOOR), (3, $03, $00, 8, SG_BUTTON), (8, $09, $a9, 0, SG_SECRET), (2, $06, $00, 0, SG_JUMP), (3, $0a, $08, 0, SG_SPLASH)]
=[]					SFX_ROWS := []
=[]					SFX_FIRST := []
=[0]					SFX_FIRST := SFX_FIRST .. [len(SFX_ROWS)]
=					SFX_ROWS := SFX_ROWS .. SOUNDS[si][4] .. [(0, 0, 0, 0)]
=[0,3]					SFX_FIRST := SFX_FIRST .. [len(SFX_ROWS)]
=					SFX_ROWS := SFX_ROWS .. SOUNDS[si][4] .. [(0, 0, 0, 0)]
=[0,3,6]				SFX_FIRST := SFX_FIRST .. [len(SFX_ROWS)]
=					SFX_ROWS := SFX_ROWS .. SOUNDS[si][4] .. [(0, 0, 0, 0)]
=[0,3,6,10]				SFX_FIRST := SFX_FIRST .. [len(SFX_ROWS)]
=					SFX_ROWS := SFX_ROWS .. SOUNDS[si][4] .. [(0, 0, 0, 0)]
=[0,3,6,10,13]				SFX_FIRST := SFX_FIRST .. [len(SFX_ROWS)]
=					SFX_ROWS := SFX_ROWS .. SOUNDS[si][4] .. [(0, 0, 0, 0)]
=[0,3,6,10,13,17]			SFX_FIRST := SFX_FIRST .. [len(SFX_ROWS)]
=					SFX_ROWS := SFX_ROWS .. SOUNDS[si][4] .. [(0, 0, 0, 0)]
=[0,3,6,10,13,17,20]			SFX_FIRST := SFX_FIRST .. [len(SFX_ROWS)]
=					SFX_ROWS := SFX_ROWS .. SOUNDS[si][4] .. [(0, 0, 0, 0)]
=[0,3,6,10,13,17,20,25]			SFX_FIRST := SFX_FIRST .. [len(SFX_ROWS)]
=					SFX_ROWS := SFX_ROWS .. SOUNDS[si][4] .. [(0, 0, 0, 0)]
=[0,3,6,10,13,17,20,25,30]		SFX_FIRST := SFX_FIRST .. [len(SFX_ROWS)]
=					SFX_ROWS := SFX_ROWS .. SOUNDS[si][4] .. [(0, 0, 0, 0)]
=[0,3,6,10,13,17,20,25,30,33]		SFX_FIRST := SFX_FIRST .. [len(SFX_ROWS)]
=					SFX_ROWS := SFX_ROWS .. SOUNDS[si][4] .. [(0, 0, 0, 0)]
=[0,3,6,10,13,17,20,25,30,33,36]	SFX_FIRST := SFX_FIRST .. [len(SFX_ROWS)]
=					SFX_ROWS := SFX_ROWS .. SOUNDS[si][4] .. [(0, 0, 0, 0)]
=[0,3,6,10,13,17,20,25,30,33,36,39]	SFX_FIRST := SFX_FIRST .. [len(SFX_ROWS)]
=					SFX_ROWS := SFX_ROWS .. SOUNDS[si][4] .. [(0, 0, 0, 0)]
=[0,3,6,10,13,17,20,25,30,33,36,39,43]	SFX_FIRST := SFX_FIRST .. [len(SFX_ROWS)]
=					SFX_ROWS := SFX_ROWS .. SOUNDS[si][4] .. [(0, 0, 0, 0)]
=					SFX_FIRST := SFX_FIRST .. [len(SFX_ROWS)]
=					SFX_ROWS := SFX_ROWS .. SOUNDS[si][4] .. [(0, 0, 0, 0)]
=					SFX_FIRST := SFX_FIRST .. [len(SFX_ROWS)]
=					SFX_ROWS := SFX_ROWS .. SOUNDS[si][4] .. [(0, 0, 0, 0)]
=					SFX_FIRST := SFX_FIRST .. [len(SFX_ROWS)]
=					SFX_ROWS := SFX_ROWS .. SOUNDS[si][4] .. [(0, 0, 0, 0)]
=					SFX_FIRST := SFX_FIRST .. [len(SFX_ROWS)]
=					SFX_ROWS := SFX_ROWS .. SOUNDS[si][4] .. [(0, 0, 0, 0)]
=					SFX_FIRST := SFX_FIRST .. [len(SFX_ROWS)]
=					SFX_ROWS := SFX_ROWS .. SOUNDS[si][4] .. [(0, 0, 0, 0)]
=					SFX_FIRST := SFX_FIRST .. [len(SFX_ROWS)]
=					SFX_ROWS := SFX_ROWS .. SOUNDS[si][4] .. [(0, 0, 0, 0)]
=					SFX_FIRST := SFX_FIRST .. [len(SFX_ROWS)]
=					SFX_ROWS := SFX_ROWS .. SOUNDS[si][4] .. [(0, 0, 0, 0)]
=					SFX_FIRST := SFX_FIRST .. [len(SFX_ROWS)]
=					SFX_ROWS := SFX_ROWS .. SOUNDS[si][4] .. [(0, 0, 0, 0)]
=$d418					SID_VOL = $d418
.0885					sfxInit
.0885	08		php			php
.0886	78		sei			sei
.0887	a2 18		ldx #$18		ldx #$18
.0889	a9 00		lda #$00		lda #0
.088b	9d 00 d4	sta $d400,x	-	sta $d400,x
.088e	ca		dex			dex
.088f	10 fa		bpl $088b		bpl -
.0891	8d 36 0c	sta $0c36		sta sfxPri
.0894	8d 37 0c	sta $0c37		sta sfxPri+1
.0897	8d 38 0c	sta $0c38		sta sfxPri+2
.089a	a9 0f		lda #$0f		lda #$0f
.089c	8d 18 d4	sta $d418		sta SID_VOL
.089f	ad 14 03	lda $0314		lda $0314
.08a2	c9 74		cmp #$74		cmp #<sfxIrq
.08a4	d0 07		bne $08ad		bne +
.08a6	ad 15 03	lda $0315		lda $0315
.08a9	c9 09		cmp #$09		cmp #>sfxIrq
.08ab	f0 16		beq $08c3		beq siDone
.08ad	ad 14 03	lda $0314	+	lda $0314
.08b0	8d 31 0c	sta $0c31		sta sfxOld
.08b3	ad 15 03	lda $0315		lda $0315
.08b6	8d 32 0c	sta $0c32		sta sfxOld+1
.08b9	a9 74		lda #$74		lda #<sfxIrq
.08bb	8d 14 03	sta $0314		sta $0314
.08be	a9 09		lda #$09		lda #>sfxIrq
.08c0	8d 15 03	sta $0315		sta $0315
.08c3					siDone
.08c3	28		plp			plp
.08c4	60		rts			rts
.08c5					sfxOff
.08c5	08		php			php
.08c6	78		sei			sei
.08c7	ad 14 03	lda $0314		lda $0314
.08ca	c9 74		cmp #$74		cmp #<sfxIrq
.08cc	d0 13		bne $08e1		bne +
.08ce	ad 15 03	lda $0315		lda $0315
.08d1	c9 09		cmp #$09		cmp #>sfxIrq
.08d3	d0 0c		bne $08e1		bne +
.08d5	ad 31 0c	lda $0c31		lda sfxOld
.08d8	8d 14 03	sta $0314		sta $0314
.08db	ad 32 0c	lda $0c32		lda sfxOld+1
.08de	8d 15 03	sta $0315		sta $0315
.08e1	a2 18		ldx #$18	+	ldx #$18
.08e3	a9 00		lda #$00		lda #0
.08e5	9d 00 d4	sta $d400,x	-	sta $d400,x
.08e8	ca		dex			dex
.08e9	10 fa		bpl $08e5		bpl -
.08eb	28		plp			plp
.08ec	60		rts			rts
.08ed					sfxPlay
.08ed	08		php			php
.08ee	78		sei			sei
.08ef	8e 34 0c	stx $0c34		stx sfxSx
.08f2	8c 35 0c	sty $0c35		sty sfxSy
.08f5	8d 33 0c	sta $0c33		sta sfxId
.08f8	a8		tay			tay
.08f9	a2 02		ldx #$02		ldx #2
.08fb	bd 36 0c	lda $0c36,x	-	lda sfxPri,x
.08fe	f0 08		beq $0908		beq +
.0900	bd 39 0c	lda $0c39,x		lda sfxCur,x
.0903	cd 33 0c	cmp $0c33		cmp sfxId
.0906	f0 2d		beq $0935		beq spTake
.0908	ca		dex		+	dex
.0909	10 f0		bpl $08fb		bpl -
.090b	a2 02		ldx #$02		ldx #2
.090d	bd 36 0c	lda $0c36,x	-	lda sfxPri,x
.0910	f0 23		beq $0935		beq spTake
.0912	ca		dex			dex
.0913	10 f8		bpl $090d		bpl -
.0915	a2 02		ldx #$02		ldx #2
.0917	ad 38 0c	lda $0c38		lda sfxPri+2
.091a	cd 37 0c	cmp $0c37		cmp sfxPri+1
.091d	90 05		bcc $0924		bcc +
.091f	a2 01		ldx #$01		ldx #1
.0921	ad 37 0c	lda $0c37		lda sfxPri+1
.0924	cd 36 0c	cmp $0c36	+	cmp sfxPri
.0927	90 05		bcc $092e		bcc +
.0929	a2 00		ldx #$00		ldx #0
.092b	ad 36 0c	lda $0c36		lda sfxPri
.092e	d9 0c 0a	cmp $0a0c,y	+	cmp sfxPriT,y
.0931	f0 02		beq $0935		beq spTake
.0933	b0 37		bcs $096c		bcs spDone
.0935					spTake
.0935	b9 0c 0a	lda $0a0c,y		lda sfxPriT,y
.0938	9d 36 0c	sta $0c36,x		sta sfxPri,x
.093b	ad 33 0c	lda $0c33		lda sfxId
.093e	9d 39 0c	sta $0c39,x		sta sfxCur,x
.0941	b9 60 0a	lda $0a60,y		lda sfxFirst,y
.0944	9d 3c 0c	sta $0c3c,x		sta sfxSeg,x
.0947	a9 00		lda #$00		lda #0
.0949	9d 3f 0c	sta $0c3f,x		sta sfxTick,x			; the next tick loads the first segment
.094c	bd 09 0a	lda $0a09,x		lda sidOff,x
.094f	aa		tax			tax
.0950	a9 08		lda #$08		lda #$08			; test bit: gate off, oscillator reset
.0952	9d 04 d4	sta $d404,x		sta $d404,x
.0955	b9 21 0a	lda $0a21,y		lda sfxAdT,y
.0958	9d 05 d4	sta $d405,x		sta $d405,x
.095b	b9 36 0a	lda $0a36,y		lda sfxSrT,y
.095e	9d 06 d4	sta $d406,x		sta $d406,x
.0961	a9 00		lda #$00		lda #0
.0963	9d 02 d4	sta $d402,x		sta $d402,x
.0966	b9 4b 0a	lda $0a4b,y		lda sfxPwT,y
.0969	9d 03 d4	sta $d403,x		sta $d403,x
.096c					spDone
.096c	ae 34 0c	ldx $0c34		ldx sfxSx
.096f	ac 35 0c	ldy $0c35		ldy sfxSy
.0972	28		plp			plp
.0973	60		rts			rts
.0974					sfxIrq
.0974	d8		cld			cld
.0975	a2 02		ldx #$02		ldx #2
.0977					sqVoice
.0977	bd 36 0c	lda $0c36,x		lda sfxPri,x
.097a	f0 74		beq $09f0		beq sqNext
.097c	bd 3f 0c	lda $0c3f,x		lda sfxTick,x
.097f	d0 35		bne $09b6		bne sqSlide
.0981	bc 3c 0c	ldy $0c3c,x		ldy sfxSeg,x
.0984	b9 75 0a	lda $0a75,y		lda sfxDurT,y
.0987	f0 6d		beq $09f6		beq sqEnd
.0989	9d 3f 0c	sta $0c3f,x		sta sfxTick,x
.098c	b9 09 0b	lda $0b09,y		lda sfxFloT,y
.098f	9d 45 0c	sta $0c45,x		sta sfxFlo,x
.0992	b9 53 0b	lda $0b53,y		lda sfxFhiT,y
.0995	9d 48 0c	sta $0c48,x		sta sfxFhi,x
.0998	b9 9d 0b	lda $0b9d,y		lda sfxSloT,y
.099b	9d 4b 0c	sta $0c4b,x		sta sfxSlo,x
.099e	b9 e7 0b	lda $0be7,y		lda sfxShiT,y
.09a1	9d 4e 0c	sta $0c4e,x		sta sfxShi,x
.09a4	fe 3c 0c	inc $0c3c,x		inc sfxSeg,x
.09a7	b9 bf 0a	lda $0abf,y		lda sfxCtlT,y
.09aa	9d 42 0c	sta $0c42,x		sta sfxCtl,x
.09ad	bc 09 0a	ldy $0a09,x		ldy sidOff,x
.09b0	99 04 d4	sta $d404,y		sta $d404,y
.09b3	4c e1 09	jmp $09e1		jmp sqWrite
.09b6					sqSlide
.09b6	bc 09 0a	ldy $0a09,x		ldy sidOff,x
.09b9	18		clc			clc
.09ba	bd 45 0c	lda $0c45,x		lda sfxFlo,x
.09bd	7d 4b 0c	adc $0c4b,x		adc sfxSlo,x
.09c0	9d 45 0c	sta $0c45,x		sta sfxFlo,x
.09c3	bd 48 0c	lda $0c48,x		lda sfxFhi,x
.09c6	7d 4e 0c	adc $0c4e,x		adc sfxShi,x
.09c9	9d 48 0c	sta $0c48,x		sta sfxFhi,x
.09cc	bd 4e 0c	lda $0c4e,x		lda sfxShi,x
.09cf	30 06		bmi $09d7		bmi +
.09d1	90 0e		bcc $09e1		bcc sqWrite
.09d3	a9 ff		lda #$ff		lda #$ff
.09d5	d0 04		bne $09db		bne sqClamp
.09d7	b0 08		bcs $09e1	+	bcs sqWrite
.09d9	a9 00		lda #$00		lda #0
.09db					sqClamp
.09db	9d 45 0c	sta $0c45,x		sta sfxFlo,x
.09de	9d 48 0c	sta $0c48,x		sta sfxFhi,x
.09e1					sqWrite
.09e1	de 3f 0c	dec $0c3f,x		dec sfxTick,x
.09e4	bd 45 0c	lda $0c45,x		lda sfxFlo,x
.09e7	99 00 d4	sta $d400,y		sta $d400,y
.09ea	bd 48 0c	lda $0c48,x		lda sfxFhi,x
.09ed	99 01 d4	sta $d401,y		sta $d401,y
.09f0					sqNext
.09f0	ca		dex			dex
.09f1	10 84		bpl $0977		bpl sqVoice
.09f3	6c 31 0c	jmp ($0c31)		jmp (sfxOld)
.09f6					sqEnd
.09f6	a9 00		lda #$00		lda #0
.09f8	9d 36 0c	sta $0c36,x		sta sfxPri,x
.09fb	bc 09 0a	ldy $0a09,x		ldy sidOff,x
.09fe	bd 42 0c	lda $0c42,x		lda sfxCtl,x
.0a01	29 fe		and #$fe		and #$fe			; the gate: the release plays out
.0a03	99 04 d4	sta $d404,y		sta $d404,y
.0a06	4c f0 09	jmp $09f0		jmp sqNext
>0a09	00 07 0e			sidOff		.byte 0, 7, 14
.0a0c					sfxPriT
>0a0c	06					.byte SOUNDS[si][0]
>0a0d	07					.byte SOUNDS[si][0]
>0a0e	03					.byte SOUNDS[si][0]
>0a0f	02					.byte SOUNDS[si][0]
>0a10	04					.byte SOUNDS[si][0]
>0a11	04					.byte SOUNDS[si][0]
>0a12	05					.byte SOUNDS[si][0]
>0a13	06					.byte SOUNDS[si][0]
>0a14	06					.byte SOUNDS[si][0]
>0a15	09					.byte SOUNDS[si][0]
>0a16	04					.byte SOUNDS[si][0]
>0a17	05					.byte SOUNDS[si][0]
>0a18	05					.byte SOUNDS[si][0]
>0a19	04					.byte SOUNDS[si][0]
>0a1a	04					.byte SOUNDS[si][0]
>0a1b	03					.byte SOUNDS[si][0]
>0a1c	02					.byte SOUNDS[si][0]
>0a1d	03					.byte SOUNDS[si][0]
>0a1e	08					.byte SOUNDS[si][0]
>0a1f	02					.byte SOUNDS[si][0]
>0a20	03					.byte SOUNDS[si][0]
.0a21					sfxAdT
>0a21	09					.byte SOUNDS[si][1]
>0a22	0a					.byte SOUNDS[si][1]
>0a23	05					.byte SOUNDS[si][1]
>0a24	44					.byte SOUNDS[si][1]
>0a25	06					.byte SOUNDS[si][1]
>0a26	04					.byte SOUNDS[si][1]
>0a27	06					.byte SOUNDS[si][1]
>0a28	08					.byte SOUNDS[si][1]
>0a29	08					.byte SOUNDS[si][1]
>0a2a	0b					.byte SOUNDS[si][1]
>0a2b	07					.byte SOUNDS[si][1]
>0a2c	0a					.byte SOUNDS[si][1]
>0a2d	09					.byte SOUNDS[si][1]
>0a2e	06					.byte SOUNDS[si][1]
>0a2f	2a					.byte SOUNDS[si][1]
>0a30	28					.byte SOUNDS[si][1]
>0a31	4a					.byte SOUNDS[si][1]
>0a32	03					.byte SOUNDS[si][1]
>0a33	09					.byte SOUNDS[si][1]
>0a34	06					.byte SOUNDS[si][1]
>0a35	0a					.byte SOUNDS[si][1]
.0a36					sfxSrT
>0a36	08					.byte SOUNDS[si][2]
>0a37	09					.byte SOUNDS[si][2]
>0a38	00					.byte SOUNDS[si][2]
>0a39	00					.byte SOUNDS[si][2]
>0a3a	a6					.byte SOUNDS[si][2]
>0a3b	84					.byte SOUNDS[si][2]
>0a3c	a6					.byte SOUNDS[si][2]
>0a3d	a8					.byte SOUNDS[si][2]
>0a3e	00					.byte SOUNDS[si][2]
>0a3f	0b					.byte SOUNDS[si][2]
>0a40	00					.byte SOUNDS[si][2]
>0a41	09					.byte SOUNDS[si][2]
>0a42	08					.byte SOUNDS[si][2]
>0a43	00					.byte SOUNDS[si][2]
>0a44	a6					.byte SOUNDS[si][2]
>0a45	a4					.byte SOUNDS[si][2]
>0a46	a8					.byte SOUNDS[si][2]
>0a47	00					.byte SOUNDS[si][2]
>0a48	a9					.byte SOUNDS[si][2]
>0a49	00					.byte SOUNDS[si][2]
>0a4a	08					.byte SOUNDS[si][2]
.0a4b					sfxPwT
>0a4b	00					.byte SOUNDS[si][3]
>0a4c	00					.byte SOUNDS[si][3]
>0a4d	08					.byte SOUNDS[si][3]
>0a4e	00					.byte SOUNDS[si][3]
>0a4f	00					.byte SOUNDS[si][3]
>0a50	08					.byte SOUNDS[si][3]
>0a51	08					.byte SOUNDS[si][3]
>0a52	00					.byte SOUNDS[si][3]
>0a53	00					.byte SOUNDS[si][3]
>0a54	00					.byte SOUNDS[si][3]
>0a55	00					.byte SOUNDS[si][3]
>0a56	00					.byte SOUNDS[si][3]
>0a57	00					.byte SOUNDS[si][3]
>0a58	00					.byte SOUNDS[si][3]
>0a59	00					.byte SOUNDS[si][3]
>0a5a	00					.byte SOUNDS[si][3]
>0a5b	00					.byte SOUNDS[si][3]
>0a5c	08					.byte SOUNDS[si][3]
>0a5d	00					.byte SOUNDS[si][3]
>0a5e	00					.byte SOUNDS[si][3]
>0a5f	00					.byte SOUNDS[si][3]
.0a60					sfxFirst
>0a60	00					.byte SFX_FIRST[si]
>0a61	03					.byte SFX_FIRST[si]
>0a62	06					.byte SFX_FIRST[si]
>0a63	0a					.byte SFX_FIRST[si]
>0a64	0d					.byte SFX_FIRST[si]
>0a65	11					.byte SFX_FIRST[si]
>0a66	14					.byte SFX_FIRST[si]
>0a67	19					.byte SFX_FIRST[si]
>0a68	1e					.byte SFX_FIRST[si]
>0a69	21					.byte SFX_FIRST[si]
>0a6a	24					.byte SFX_FIRST[si]
>0a6b	27					.byte SFX_FIRST[si]
>0a6c	2b					.byte SFX_FIRST[si]
>0a6d	2e					.byte SFX_FIRST[si]
>0a6e	31					.byte SFX_FIRST[si]
>0a6f	35					.byte SFX_FIRST[si]
>0a70	39					.byte SFX_FIRST[si]
>0a71	3c					.byte SFX_FIRST[si]
>0a72	3f					.byte SFX_FIRST[si]
>0a73	44					.byte SFX_FIRST[si]
>0a74	47					.byte SFX_FIRST[si]
.0a75					sfxDurT
>0a75	03					.byte SFX_ROWS[si][0]
>0a76	0c					.byte SFX_ROWS[si][0]
>0a77	00					.byte SFX_ROWS[si][0]
>0a78	04					.byte SFX_ROWS[si][0]
>0a79	12					.byte SFX_ROWS[si][0]
>0a7a	00					.byte SFX_ROWS[si][0]
>0a7b	01					.byte SFX_ROWS[si][0]
>0a7c	02					.byte SFX_ROWS[si][0]
>0a7d	01					.byte SFX_ROWS[si][0]
>0a7e	00					.byte SFX_ROWS[si][0]
>0a7f	05					.byte SFX_ROWS[si][0]
>0a80	06					.byte SFX_ROWS[si][0]
>0a81	00					.byte SFX_ROWS[si][0]
>0a82	03					.byte SFX_ROWS[si][0]
>0a83	03					.byte SFX_ROWS[si][0]
>0a84	06					.byte SFX_ROWS[si][0]
>0a85	00					.byte SFX_ROWS[si][0]
>0a86	02					.byte SFX_ROWS[si][0]
>0a87	04					.byte SFX_ROWS[si][0]
>0a88	00					.byte SFX_ROWS[si][0]
>0a89	03					.byte SFX_ROWS[si][0]
>0a8a	03					.byte SFX_ROWS[si][0]
>0a8b	03					.byte SFX_ROWS[si][0]
>0a8c	08					.byte SFX_ROWS[si][0]
>0a8d	00					.byte SFX_ROWS[si][0]
>0a8e	04					.byte SFX_ROWS[si][0]
>0a8f	04					.byte SFX_ROWS[si][0]
>0a90	04					.byte SFX_ROWS[si][0]
>0a91	10					.byte SFX_ROWS[si][0]
>0a92	00					.byte SFX_ROWS[si][0]
>0a93	08					.byte SFX_ROWS[si][0]
>0a94	02					.byte SFX_ROWS[si][0]
>0a95	00					.byte SFX_ROWS[si][0]
>0a96	18					.byte SFX_ROWS[si][0]
>0a97	28					.byte SFX_ROWS[si][0]
>0a98	00					.byte SFX_ROWS[si][0]
>0a99	06					.byte SFX_ROWS[si][0]
>0a9a	02					.byte SFX_ROWS[si][0]
>0a9b	00					.byte SFX_ROWS[si][0]
>0a9c	03					.byte SFX_ROWS[si][0]
>0a9d	12					.byte SFX_ROWS[si][0]
>0a9e	02					.byte SFX_ROWS[si][0]
>0a9f	00					.byte SFX_ROWS[si][0]
>0aa0	03					.byte SFX_ROWS[si][0]
>0aa1	0a					.byte SFX_ROWS[si][0]
>0aa2	00					.byte SFX_ROWS[si][0]
>0aa3	02					.byte SFX_ROWS[si][0]
>0aa4	03					.byte SFX_ROWS[si][0]
>0aa5	00					.byte SFX_ROWS[si][0]
>0aa6	08					.byte SFX_ROWS[si][0]
>0aa7	08					.byte SFX_ROWS[si][0]
>0aa8	02					.byte SFX_ROWS[si][0]
>0aa9	00					.byte SFX_ROWS[si][0]
>0aaa	05					.byte SFX_ROWS[si][0]
>0aab	06					.byte SFX_ROWS[si][0]
>0aac	02					.byte SFX_ROWS[si][0]
>0aad	00					.byte SFX_ROWS[si][0]
>0aae	28					.byte SFX_ROWS[si][0]
>0aaf	04					.byte SFX_ROWS[si][0]
>0ab0	00					.byte SFX_ROWS[si][0]
>0ab1	02					.byte SFX_ROWS[si][0]
>0ab2	01					.byte SFX_ROWS[si][0]
>0ab3	00					.byte SFX_ROWS[si][0]
>0ab4	06					.byte SFX_ROWS[si][0]
>0ab5	06					.byte SFX_ROWS[si][0]
>0ab6	06					.byte SFX_ROWS[si][0]
>0ab7	14					.byte SFX_ROWS[si][0]
>0ab8	00					.byte SFX_ROWS[si][0]
>0ab9	05					.byte SFX_ROWS[si][0]
>0aba	01					.byte SFX_ROWS[si][0]
>0abb	00					.byte SFX_ROWS[si][0]
>0abc	0a					.byte SFX_ROWS[si][0]
>0abd	06					.byte SFX_ROWS[si][0]
>0abe	00					.byte SFX_ROWS[si][0]
.0abf					sfxCtlT
>0abf	81					.byte SFX_ROWS[si][1]
>0ac0	80					.byte SFX_ROWS[si][1]
>0ac1	00					.byte SFX_ROWS[si][1]
>0ac2	81					.byte SFX_ROWS[si][1]
>0ac3	80					.byte SFX_ROWS[si][1]
>0ac4	00					.byte SFX_ROWS[si][1]
>0ac5	81					.byte SFX_ROWS[si][1]
>0ac6	41					.byte SFX_ROWS[si][1]
>0ac7	40					.byte SFX_ROWS[si][1]
>0ac8	00					.byte SFX_ROWS[si][1]
>0ac9	81					.byte SFX_ROWS[si][1]
>0aca	80					.byte SFX_ROWS[si][1]
>0acb	00					.byte SFX_ROWS[si][1]
>0acc	11					.byte SFX_ROWS[si][1]
>0acd	11					.byte SFX_ROWS[si][1]
>0ace	11					.byte SFX_ROWS[si][1]
>0acf	00					.byte SFX_ROWS[si][1]
>0ad0	41					.byte SFX_ROWS[si][1]
>0ad1	41					.byte SFX_ROWS[si][1]
>0ad2	00					.byte SFX_ROWS[si][1]
>0ad3	41					.byte SFX_ROWS[si][1]
>0ad4	41					.byte SFX_ROWS[si][1]
>0ad5	41					.byte SFX_ROWS[si][1]
>0ad6	41					.byte SFX_ROWS[si][1]
>0ad7	00					.byte SFX_ROWS[si][1]
>0ad8	21					.byte SFX_ROWS[si][1]
>0ad9	21					.byte SFX_ROWS[si][1]
>0ada	21					.byte SFX_ROWS[si][1]
>0adb	21					.byte SFX_ROWS[si][1]
>0adc	00					.byte SFX_ROWS[si][1]
>0add	21					.byte SFX_ROWS[si][1]
>0ade	20					.byte SFX_ROWS[si][1]
>0adf	00					.byte SFX_ROWS[si][1]
>0ae0	21					.byte SFX_ROWS[si][1]
>0ae1	20					.byte SFX_ROWS[si][1]
>0ae2	00					.byte SFX_ROWS[si][1]
>0ae3	21					.byte SFX_ROWS[si][1]
>0ae4	20					.byte SFX_ROWS[si][1]
>0ae5	00					.byte SFX_ROWS[si][1]
>0ae6	81					.byte SFX_ROWS[si][1]
>0ae7	21					.byte SFX_ROWS[si][1]
>0ae8	20					.byte SFX_ROWS[si][1]
>0ae9	00					.byte SFX_ROWS[si][1]
>0aea	81					.byte SFX_ROWS[si][1]
>0aeb	80					.byte SFX_ROWS[si][1]
>0aec	00					.byte SFX_ROWS[si][1]
>0aed	81					.byte SFX_ROWS[si][1]
>0aee	80					.byte SFX_ROWS[si][1]
>0aef	00					.byte SFX_ROWS[si][1]
>0af0	21					.byte SFX_ROWS[si][1]
>0af1	21					.byte SFX_ROWS[si][1]
>0af2	20					.byte SFX_ROWS[si][1]
>0af3	00					.byte SFX_ROWS[si][1]
>0af4	21					.byte SFX_ROWS[si][1]
>0af5	21					.byte SFX_ROWS[si][1]
>0af6	20					.byte SFX_ROWS[si][1]
>0af7	00					.byte SFX_ROWS[si][1]
>0af8	81					.byte SFX_ROWS[si][1]
>0af9	80					.byte SFX_ROWS[si][1]
>0afa	00					.byte SFX_ROWS[si][1]
>0afb	41					.byte SFX_ROWS[si][1]
>0afc	40					.byte SFX_ROWS[si][1]
>0afd	00					.byte SFX_ROWS[si][1]
>0afe	11					.byte SFX_ROWS[si][1]
>0aff	11					.byte SFX_ROWS[si][1]
>0b00	11					.byte SFX_ROWS[si][1]
>0b01	11					.byte SFX_ROWS[si][1]
>0b02	00					.byte SFX_ROWS[si][1]
>0b03	11					.byte SFX_ROWS[si][1]
>0b04	10					.byte SFX_ROWS[si][1]
>0b05	00					.byte SFX_ROWS[si][1]
>0b06	81					.byte SFX_ROWS[si][1]
>0b07	80					.byte SFX_ROWS[si][1]
>0b08	00					.byte SFX_ROWS[si][1]
.0b09					sfxFloT
>0b09	00					.byte <SFX_ROWS[si][2]
>0b0a	00					.byte <SFX_ROWS[si][2]
>0b0b	00					.byte <SFX_ROWS[si][2]
>0b0c	00					.byte <SFX_ROWS[si][2]
>0b0d	00					.byte <SFX_ROWS[si][2]
>0b0e	00					.byte <SFX_ROWS[si][2]
>0b0f	00					.byte <SFX_ROWS[si][2]
>0b10	00					.byte <SFX_ROWS[si][2]
>0b11	00					.byte <SFX_ROWS[si][2]
>0b12	00					.byte <SFX_ROWS[si][2]
>0b13	00					.byte <SFX_ROWS[si][2]
>0b14	00					.byte <SFX_ROWS[si][2]
>0b15	00					.byte <SFX_ROWS[si][2]
>0b16	00					.byte <SFX_ROWS[si][2]
>0b17	00					.byte <SFX_ROWS[si][2]
>0b18	00					.byte <SFX_ROWS[si][2]
>0b19	00					.byte <SFX_ROWS[si][2]
>0b1a	00					.byte <SFX_ROWS[si][2]
>0b1b	00					.byte <SFX_ROWS[si][2]
>0b1c	00					.byte <SFX_ROWS[si][2]
>0b1d	00					.byte <SFX_ROWS[si][2]
>0b1e	00					.byte <SFX_ROWS[si][2]
>0b1f	00					.byte <SFX_ROWS[si][2]
>0b20	00					.byte <SFX_ROWS[si][2]
>0b21	00					.byte <SFX_ROWS[si][2]
>0b22	00					.byte <SFX_ROWS[si][2]
>0b23	00					.byte <SFX_ROWS[si][2]
>0b24	00					.byte <SFX_ROWS[si][2]
>0b25	00					.byte <SFX_ROWS[si][2]
>0b26	00					.byte <SFX_ROWS[si][2]
>0b27	00					.byte <SFX_ROWS[si][2]
>0b28	00					.byte <SFX_ROWS[si][2]
>0b29	00					.byte <SFX_ROWS[si][2]
>0b2a	00					.byte <SFX_ROWS[si][2]
>0b2b	00					.byte <SFX_ROWS[si][2]
>0b2c	00					.byte <SFX_ROWS[si][2]
>0b2d	00					.byte <SFX_ROWS[si][2]
>0b2e	00					.byte <SFX_ROWS[si][2]
>0b2f	00					.byte <SFX_ROWS[si][2]
>0b30	00					.byte <SFX_ROWS[si][2]
>0b31	00					.byte <SFX_ROWS[si][2]
>0b32	00					.byte <SFX_ROWS[si][2]
>0b33	00					.byte <SFX_ROWS[si][2]
>0b34	00					.byte <SFX_ROWS[si][2]
>0b35	00					.byte <SFX_ROWS[si][2]
>0b36	00					.byte <SFX_ROWS[si][2]
>0b37	00					.byte <SFX_ROWS[si][2]
>0b38	00					.byte <SFX_ROWS[si][2]
>0b39	00					.byte <SFX_ROWS[si][2]
>0b3a	00					.byte <SFX_ROWS[si][2]
>0b3b	00					.byte <SFX_ROWS[si][2]
>0b3c	00					.byte <SFX_ROWS[si][2]
>0b3d	00					.byte <SFX_ROWS[si][2]
>0b3e	00					.byte <SFX_ROWS[si][2]
>0b3f	00					.byte <SFX_ROWS[si][2]
>0b40	00					.byte <SFX_ROWS[si][2]
>0b41	00					.byte <SFX_ROWS[si][2]
>0b42	80					.byte <SFX_ROWS[si][2]
>0b43	80					.byte <SFX_ROWS[si][2]
>0b44	00					.byte <SFX_ROWS[si][2]
>0b45	00					.byte <SFX_ROWS[si][2]
>0b46	00					.byte <SFX_ROWS[si][2]
>0b47	00					.byte <SFX_ROWS[si][2]
>0b48	cb					.byte <SFX_ROWS[si][2]
>0b49	d8					.byte <SFX_ROWS[si][2]
>0b4a	26					.byte <SFX_ROWS[si][2]
>0b4b	97					.byte <SFX_ROWS[si][2]
>0b4c	00					.byte <SFX_ROWS[si][2]
>0b4d	00					.byte <SFX_ROWS[si][2]
>0b4e	00					.byte <SFX_ROWS[si][2]
>0b4f	00					.byte <SFX_ROWS[si][2]
>0b50	00					.byte <SFX_ROWS[si][2]
>0b51	00					.byte <SFX_ROWS[si][2]
>0b52	00					.byte <SFX_ROWS[si][2]
.0b53					sfxFhiT
>0b53	30					.byte >SFX_ROWS[si][2]
>0b54	12					.byte >SFX_ROWS[si][2]
>0b55	00					.byte >SFX_ROWS[si][2]
>0b56	28					.byte >SFX_ROWS[si][2]
>0b57	10					.byte >SFX_ROWS[si][2]
>0b58	00					.byte >SFX_ROWS[si][2]
>0b59	58					.byte >SFX_ROWS[si][2]
>0b5a	14					.byte >SFX_ROWS[si][2]
>0b5b	0e					.byte >SFX_ROWS[si][2]
>0b5c	00					.byte >SFX_ROWS[si][2]
>0b5d	06					.byte >SFX_ROWS[si][2]
>0b5e	10					.byte >SFX_ROWS[si][2]
>0b5f	00					.byte >SFX_ROWS[si][2]
>0b60	1a					.byte >SFX_ROWS[si][2]
>0b61	22					.byte >SFX_ROWS[si][2]
>0b62	2b					.byte >SFX_ROWS[si][2]
>0b63	00					.byte >SFX_ROWS[si][2]
>0b64	26					.byte >SFX_ROWS[si][2]
>0b65	33					.byte >SFX_ROWS[si][2]
>0b66	00					.byte >SFX_ROWS[si][2]
>0b67	11					.byte >SFX_ROWS[si][2]
>0b68	16					.byte >SFX_ROWS[si][2]
>0b69	1a					.byte >SFX_ROWS[si][2]
>0b6a	22					.byte >SFX_ROWS[si][2]
>0b6b	00					.byte >SFX_ROWS[si][2]
>0b6c	08					.byte >SFX_ROWS[si][2]
>0b6d	0e					.byte >SFX_ROWS[si][2]
>0b6e	14					.byte >SFX_ROWS[si][2]
>0b6f	1a					.byte >SFX_ROWS[si][2]
>0b70	00					.byte >SFX_ROWS[si][2]
>0b71	0c					.byte >SFX_ROWS[si][2]
>0b72	09					.byte >SFX_ROWS[si][2]
>0b73	00					.byte >SFX_ROWS[si][2]
>0b74	0c					.byte >SFX_ROWS[si][2]
>0b75	09					.byte >SFX_ROWS[si][2]
>0b76	00					.byte >SFX_ROWS[si][2]
>0b77	10					.byte >SFX_ROWS[si][2]
>0b78	0c					.byte >SFX_ROWS[si][2]
>0b79	00					.byte >SFX_ROWS[si][2]
>0b7a	18					.byte >SFX_ROWS[si][2]
>0b7b	09					.byte >SFX_ROWS[si][2]
>0b7c	05					.byte >SFX_ROWS[si][2]
>0b7d	00					.byte >SFX_ROWS[si][2]
>0b7e	24					.byte >SFX_ROWS[si][2]
>0b7f	10					.byte >SFX_ROWS[si][2]
>0b80	00					.byte >SFX_ROWS[si][2]
>0b81	60					.byte >SFX_ROWS[si][2]
>0b82	20					.byte >SFX_ROWS[si][2]
>0b83	00					.byte >SFX_ROWS[si][2]
>0b84	05					.byte >SFX_ROWS[si][2]
>0b85	06					.byte >SFX_ROWS[si][2]
>0b86	05					.byte >SFX_ROWS[si][2]
>0b87	00					.byte >SFX_ROWS[si][2]
>0b88	0e					.byte >SFX_ROWS[si][2]
>0b89	11					.byte >SFX_ROWS[si][2]
>0b8a	0b					.byte >SFX_ROWS[si][2]
>0b8b	00					.byte >SFX_ROWS[si][2]
>0b8c	02					.byte >SFX_ROWS[si][2]
>0b8d	02					.byte >SFX_ROWS[si][2]
>0b8e	00					.byte >SFX_ROWS[si][2]
>0b8f	30					.byte >SFX_ROWS[si][2]
>0b90	30					.byte >SFX_ROWS[si][2]
>0b91	00					.byte >SFX_ROWS[si][2]
>0b92	22					.byte >SFX_ROWS[si][2]
>0b93	2b					.byte >SFX_ROWS[si][2]
>0b94	34					.byte >SFX_ROWS[si][2]
>0b95	45					.byte >SFX_ROWS[si][2]
>0b96	00					.byte >SFX_ROWS[si][2]
>0b97	0a					.byte >SFX_ROWS[si][2]
>0b98	11					.byte >SFX_ROWS[si][2]
>0b99	00					.byte >SFX_ROWS[si][2]
>0b9a	18					.byte >SFX_ROWS[si][2]
>0b9b	0e					.byte >SFX_ROWS[si][2]
>0b9c	00					.byte >SFX_ROWS[si][2]
.0b9d					sfxSloT
>0b9d	00					.byte <(SFX_ROWS[si][3] & $ffff)
>0b9e	80					.byte <(SFX_ROWS[si][3] & $ffff)
>0b9f	00					.byte <(SFX_ROWS[si][3] & $ffff)
>0ba0	00					.byte <(SFX_ROWS[si][3] & $ffff)
>0ba1	b0					.byte <(SFX_ROWS[si][3] & $ffff)
>0ba2	00					.byte <(SFX_ROWS[si][3] & $ffff)
>0ba3	00					.byte <(SFX_ROWS[si][3] & $ffff)
>0ba4	00					.byte <(SFX_ROWS[si][3] & $ffff)
>0ba5	00					.byte <(SFX_ROWS[si][3] & $ffff)
>0ba6	00					.byte <(SFX_ROWS[si][3] & $ffff)
>0ba7	00					.byte <(SFX_ROWS[si][3] & $ffff)
>0ba8	80					.byte <(SFX_ROWS[si][3] & $ffff)
>0ba9	00					.byte <(SFX_ROWS[si][3] & $ffff)
>0baa	00					.byte <(SFX_ROWS[si][3] & $ffff)
>0bab	00					.byte <(SFX_ROWS[si][3] & $ffff)
>0bac	00					.byte <(SFX_ROWS[si][3] & $ffff)
>0bad	00					.byte <(SFX_ROWS[si][3] & $ffff)
>0bae	00					.byte <(SFX_ROWS[si][3] & $ffff)
>0baf	00					.byte <(SFX_ROWS[si][3] & $ffff)
>0bb0	00					.byte <(SFX_ROWS[si][3] & $ffff)
>0bb1	00					.byte <(SFX_ROWS[si][3] & $ffff)
>0bb2	00					.byte <(SFX_ROWS[si][3] & $ffff)
>0bb3	00					.byte <(SFX_ROWS[si][3] & $ffff)
>0bb4	f0					.byte <(SFX_ROWS[si][3] & $ffff)
>0bb5	00					.byte <(SFX_ROWS[si][3] & $ffff)
>0bb6	80					.byte <(SFX_ROWS[si][3] & $ffff)
>0bb7	80					.byte <(SFX_ROWS[si][3] & $ffff)
>0bb8	80					.byte <(SFX_ROWS[si][3] & $ffff)
>0bb9	c0					.byte <(SFX_ROWS[si][3] & $ffff)
>0bba	00					.byte <(SFX_ROWS[si][3] & $ffff)
>0bbb	b0					.byte <(SFX_ROWS[si][3] & $ffff)
>0bbc	00					.byte <(SFX_ROWS[si][3] & $ffff)
>0bbd	00					.byte <(SFX_ROWS[si][3] & $ffff)
>0bbe	e0					.byte <(SFX_ROWS[si][3] & $ffff)
>0bbf	f4					.byte <(SFX_ROWS[si][3] & $ffff)
>0bc0	00					.byte <(SFX_ROWS[si][3] & $ffff)
>0bc1	70					.byte <(SFX_ROWS[si][3] & $ffff)
>0bc2	00					.byte <(SFX_ROWS[si][3] & $ffff)
>0bc3	00					.byte <(SFX_ROWS[si][3] & $ffff)
>0bc4	00					.byte <(SFX_ROWS[si][3] & $ffff)
>0bc5	d0					.byte <(SFX_ROWS[si][3] & $ffff)
>0bc6	00					.byte <(SFX_ROWS[si][3] & $ffff)
>0bc7	00					.byte <(SFX_ROWS[si][3] & $ffff)
>0bc8	00					.byte <(SFX_ROWS[si][3] & $ffff)
>0bc9	a0					.byte <(SFX_ROWS[si][3] & $ffff)
>0bca	00					.byte <(SFX_ROWS[si][3] & $ffff)
>0bcb	00					.byte <(SFX_ROWS[si][3] & $ffff)
>0bcc	00					.byte <(SFX_ROWS[si][3] & $ffff)
>0bcd	00					.byte <(SFX_ROWS[si][3] & $ffff)
>0bce	20					.byte <(SFX_ROWS[si][3] & $ffff)
>0bcf	e0					.byte <(SFX_ROWS[si][3] & $ffff)
>0bd0	00					.byte <(SFX_ROWS[si][3] & $ffff)
>0bd1	00					.byte <(SFX_ROWS[si][3] & $ffff)
>0bd2	80					.byte <(SFX_ROWS[si][3] & $ffff)
>0bd3	00					.byte <(SFX_ROWS[si][3] & $ffff)
>0bd4	00					.byte <(SFX_ROWS[si][3] & $ffff)
>0bd5	00					.byte <(SFX_ROWS[si][3] & $ffff)
>0bd6	00					.byte <(SFX_ROWS[si][3] & $ffff)
>0bd7	00					.byte <(SFX_ROWS[si][3] & $ffff)
>0bd8	00					.byte <(SFX_ROWS[si][3] & $ffff)
>0bd9	00					.byte <(SFX_ROWS[si][3] & $ffff)
>0bda	00					.byte <(SFX_ROWS[si][3] & $ffff)
>0bdb	00					.byte <(SFX_ROWS[si][3] & $ffff)
>0bdc	00					.byte <(SFX_ROWS[si][3] & $ffff)
>0bdd	00					.byte <(SFX_ROWS[si][3] & $ffff)
>0bde	00					.byte <(SFX_ROWS[si][3] & $ffff)
>0bdf	00					.byte <(SFX_ROWS[si][3] & $ffff)
>0be0	00					.byte <(SFX_ROWS[si][3] & $ffff)
>0be1	80					.byte <(SFX_ROWS[si][3] & $ffff)
>0be2	00					.byte <(SFX_ROWS[si][3] & $ffff)
>0be3	00					.byte <(SFX_ROWS[si][3] & $ffff)
>0be4	00					.byte <(SFX_ROWS[si][3] & $ffff)
>0be5	00					.byte <(SFX_ROWS[si][3] & $ffff)
>0be6	00					.byte <(SFX_ROWS[si][3] & $ffff)
.0be7					sfxShiT
>0be7	fa					.byte >(SFX_ROWS[si][3] & $ffff)
>0be8	ff					.byte >(SFX_ROWS[si][3] & $ffff)
>0be9	00					.byte >(SFX_ROWS[si][3] & $ffff)
>0bea	fc					.byte >(SFX_ROWS[si][3] & $ffff)
>0beb	ff					.byte >(SFX_ROWS[si][3] & $ffff)
>0bec	00					.byte >(SFX_ROWS[si][3] & $ffff)
>0bed	00					.byte >(SFX_ROWS[si][3] & $ffff)
>0bee	fd					.byte >(SFX_ROWS[si][3] & $ffff)
>0bef	00					.byte >(SFX_ROWS[si][3] & $ffff)
>0bf0	00					.byte >(SFX_ROWS[si][3] & $ffff)
>0bf1	02					.byte >(SFX_ROWS[si][3] & $ffff)
>0bf2	fe					.byte >(SFX_ROWS[si][3] & $ffff)
>0bf3	00					.byte >(SFX_ROWS[si][3] & $ffff)
>0bf4	00					.byte >(SFX_ROWS[si][3] & $ffff)
>0bf5	00					.byte >(SFX_ROWS[si][3] & $ffff)
>0bf6	00					.byte >(SFX_ROWS[si][3] & $ffff)
>0bf7	00					.byte >(SFX_ROWS[si][3] & $ffff)
>0bf8	00					.byte >(SFX_ROWS[si][3] & $ffff)
>0bf9	00					.byte >(SFX_ROWS[si][3] & $ffff)
>0bfa	00					.byte >(SFX_ROWS[si][3] & $ffff)
>0bfb	00					.byte >(SFX_ROWS[si][3] & $ffff)
>0bfc	00					.byte >(SFX_ROWS[si][3] & $ffff)
>0bfd	00					.byte >(SFX_ROWS[si][3] & $ffff)
>0bfe	ff					.byte >(SFX_ROWS[si][3] & $ffff)
>0bff	00					.byte >(SFX_ROWS[si][3] & $ffff)
>0c00	01					.byte >(SFX_ROWS[si][3] & $ffff)
>0c01	01					.byte >(SFX_ROWS[si][3] & $ffff)
>0c02	01					.byte >(SFX_ROWS[si][3] & $ffff)
>0c03	ff					.byte >(SFX_ROWS[si][3] & $ffff)
>0c04	00					.byte >(SFX_ROWS[si][3] & $ffff)
>0c05	ff					.byte >(SFX_ROWS[si][3] & $ffff)
>0c06	00					.byte >(SFX_ROWS[si][3] & $ffff)
>0c07	00					.byte >(SFX_ROWS[si][3] & $ffff)
>0c08	ff					.byte >(SFX_ROWS[si][3] & $ffff)
>0c09	ff					.byte >(SFX_ROWS[si][3] & $ffff)
>0c0a	00					.byte >(SFX_ROWS[si][3] & $ffff)
>0c0b	ff					.byte >(SFX_ROWS[si][3] & $ffff)
>0c0c	00					.byte >(SFX_ROWS[si][3] & $ffff)
>0c0d	00					.byte >(SFX_ROWS[si][3] & $ffff)
>0c0e	fe					.byte >(SFX_ROWS[si][3] & $ffff)
>0c0f	ff					.byte >(SFX_ROWS[si][3] & $ffff)
>0c10	00					.byte >(SFX_ROWS[si][3] & $ffff)
>0c11	00					.byte >(SFX_ROWS[si][3] & $ffff)
>0c12	fb					.byte >(SFX_ROWS[si][3] & $ffff)
>0c13	ff					.byte >(SFX_ROWS[si][3] & $ffff)
>0c14	00					.byte >(SFX_ROWS[si][3] & $ffff)
>0c15	e0					.byte >(SFX_ROWS[si][3] & $ffff)
>0c16	00					.byte >(SFX_ROWS[si][3] & $ffff)
>0c17	00					.byte >(SFX_ROWS[si][3] & $ffff)
>0c18	00					.byte >(SFX_ROWS[si][3] & $ffff)
>0c19	ff					.byte >(SFX_ROWS[si][3] & $ffff)
>0c1a	00					.byte >(SFX_ROWS[si][3] & $ffff)
>0c1b	00					.byte >(SFX_ROWS[si][3] & $ffff)
>0c1c	00					.byte >(SFX_ROWS[si][3] & $ffff)
>0c1d	ff					.byte >(SFX_ROWS[si][3] & $ffff)
>0c1e	00					.byte >(SFX_ROWS[si][3] & $ffff)
>0c1f	00					.byte >(SFX_ROWS[si][3] & $ffff)
>0c20	00					.byte >(SFX_ROWS[si][3] & $ffff)
>0c21	00					.byte >(SFX_ROWS[si][3] & $ffff)
>0c22	00					.byte >(SFX_ROWS[si][3] & $ffff)
>0c23	00					.byte >(SFX_ROWS[si][3] & $ffff)
>0c24	00					.byte >(SFX_ROWS[si][3] & $ffff)
>0c25	00					.byte >(SFX_ROWS[si][3] & $ffff)
>0c26	00					.byte >(SFX_ROWS[si][3] & $ffff)
>0c27	00					.byte >(SFX_ROWS[si][3] & $ffff)
>0c28	00					.byte >(SFX_ROWS[si][3] & $ffff)
>0c29	00					.byte >(SFX_ROWS[si][3] & $ffff)
>0c2a	00					.byte >(SFX_ROWS[si][3] & $ffff)
>0c2b	01					.byte >(SFX_ROWS[si][3] & $ffff)
>0c2c	00					.byte >(SFX_ROWS[si][3] & $ffff)
>0c2d	00					.byte >(SFX_ROWS[si][3] & $ffff)
>0c2e	ff					.byte >(SFX_ROWS[si][3] & $ffff)
>0c2f	00					.byte >(SFX_ROWS[si][3] & $ffff)
>0c30	00					.byte >(SFX_ROWS[si][3] & $ffff)
>0c31	31 ea				sfxOld		.word $ea31
>0c33	00				sfxId		.byte 0
>0c34	00				sfxSx		.byte 0
>0c35	00				sfxSy		.byte 0
>0c36	00 00 00			sfxPri		.fill 3, 0		; 0 = free
>0c39	00 00 00			sfxCur		.fill 3, 0		; which effect
>0c3c	00 00 00			sfxSeg		.fill 3, 0		; the next segment row
>0c3f	00 00 00			sfxTick		.fill 3, 0		; ticks left in this one
>0c42	00 00 00			sfxCtl		.fill 3, 0
>0c45	00 00 00			sfxFlo		.fill 3, 0
>0c48	00 00 00			sfxFhi		.fill 3, 0
>0c4b	00 00 00			sfxSlo		.fill 3, 0
>0c4e	00 00 00			sfxShi		.fill 3, 0

;******  Return to file: sfxtest.a


;******  End of listing
